Trying 127.0.0.1...
Connected to localhost.
Escape character is '^]'.
Connected to Dynamips VM "R1" (ID 1, type c2600) - Console port
Press ENTER to get the prompt.
ROMMON emulation microcode.

                           Launching IOS image at 0x80008000...

                                                               Invalid iomem value in ROM (5). Smart-init will
                              now run to compute a valid value
                                                              iomem percentage may need to be reset manually
                            Smart Init is enabled
                                                 smart init is sizing iomem
                                                                             ID            MEMORY_REQ                 TYPE
                                          00036B          0X00103980 C2611XM Dual Fast Ethernet
               000042          0X0009EA00 Four port Ethernet CPU
                                                                                0X00098670 public buffer pools
                                              0X00211000 public particle pools
                                                                              TOTAL:          0X0044B9F0

                        If any of the above Memory Requirements are 
                                                                    "UNKNOWN", you may be using an unsupported
                              configuration or there is a software problem and
                                                                              system operation may be compromised.
                                  Rounded IOMEM up to: 4Mb.
                                                           Using 2 percent iomem. [4Mb/160Mb]

             Increasing IOMEM up to: 8Mb
              Restricted Rights Legend

Use, duplication, or disclosure by the Government is
subject to restrictions as set forth in subparagraph
(c) of the Commercial Computer Software - Restricted
Rights clause at FAR sec. 52.227-19 and subparagraph
(c) (1) (ii) of the Rights in Technical Data and Computer
Software clause at DFARS sec. 252.227-7013.

           cisco Systems, Inc.
           170 West Tasman Drive
           San Jose, California 95134-1706



Cisco IOS Software, C2600 Software (C2600-ADVENTERPRISEK9-M), Version 12.4(25d), RELEASE SOFTWARE (fc1)
Technical Support: http://www.cisco.com/techsupport
Copyright (c) 1986-2010 by Cisco Systems, Inc.
Compiled Wed 18-Aug-10 04:49 by prod_rel_team


This product contains cryptographic features and is subject to United
States and local country laws governing import, export, transfer and
use. Delivery of Cisco cryptographic products does not imply
third-party authority to import, export, distribute or use encryption.
Importers, exporters, distributors and users are responsible for
compliance with U.S. and local country laws. By using this product you
agree to comply with applicable laws and regulations. If you are unable
to comply with U.S. and local laws, return this product immediately.

A summary of U.S. laws governing Cisco cryptographic products may be found at:
http://www.cisco.com/wwl/export/crypto/tool/stqrg.html

If you require further assistance please contact us by sending email to
export@cisco.com.

Cisco 2611XM (MPC860P) processor (revision 2.2) with 155648K/8192K bytes of memory.
Processor board ID FTX0945W0MY
M860 processor: part number 0, mask 0
4 Ethernet interfaces
2 FastEthernet interfaces
32K bytes of NVRAM.
16384K bytes of processor board System flash (Read/Write)

SETUP: new interface FastEthernet0/0 placed in "shutdown" state
SETUP: new interface FastEthernet0/1 placed in "shutdown" state
SETUP: new interface Ethernet1/0 placed in "shutdown" state
SETUP: new interface Ethernet1/1 placed in "shutdown" state
SETUP: new interface Ethernet1/2 placed in "shutdown" state
SETUP: new interface Ethernet1/3 placed in "shutdown" state


Press RETURN to get started!


*Mar  1 00:00:02.199: %LINEPROTO-5-UPDOWN: Line protocol on Interface VoIP-Null0, changed state to up
*Mar  1 00:00:02.399: %SYS-5-CONFIG_I: Configured from memory by console
*Mar  1 00:00:02.556: %LINK-5-CHANGED: Interface FastEthernet0/0, changed state to administratively down
*Mar  1 00:00:02.560: %LINK-5-CHANGED: Interface FastEthernet0/1, changed state to administratively down
*Mar  1 00:00:02.560: %LINK-5-CHANGED: Interface Ethernet1/0, changed state to administratively down
*Mar  1 00:00:02.560: %LINK-5-CHANGED: Interface Ethernet1/1, changed state to administratively down
*Mar  1 00:00:02.560: %LINK-5-CHANGED: Interface Ethernet1/2, changed state to administratively down
*Mar  1 00:00:02.560: %LINK-5-CHANGED: Interface Ethernet1/3, changed state to administratively down
*Mar  1 00:00:02.624: %SYS-5-RESTART: System restarted --
Cisco IOS Software, C2600 Software (C2600-ADVENTERPRISEK9-M), Version 12.4(25d), RELEASE SOFTWARE (fc1)
Technical Support: http://www.cisco.com/techsupport
Copyright (c) 1986-2010 by Cisco Systems, Inc.
Compiled Wed 18-Aug-10 04:49 by prod_rel_team
*Mar  1 00:00:02.624: %SNMP-5-COLDSTART: SNMP agent on host R1 is undergoing a cold start
*Mar  1 00:00:03.557: %LINEPROTO-5-UPDOWN: Line protocol on Interface FastEthernet0/0, changed state to down
*Mar  1 00:00:03.561: %LINEPROTO-5-UPDOWN: Line protocol on Interface FastEthernet0/1, changed state to down
*Mar  1 00:00:03.565: %LINEPROTO-5-UPDOWN: Line protocol on Interface Ethernet1/0, changed state to down
*Mar  1 00:00:03.569: %LINEPROTO-5-UPDOWN: Line protocol on Interface Ethernet1/1, changed state to down
*Mar  1 00:00:03.573: %LINEPROTO-5-UPDOWN: Line protocol on Interface Ethernet1/2, changed state to down
*Mar  1 00:00:03.577: %LINEPROTO-5-UPDOWN: Line protocol on Interface Ethernet1/3, changed state to down
R1#config terminal
Enter configuration commands, one per line.  End with CNTL/Z.
R1(config)#end
R1#
*Mar  1 00:01:54.291: %SYS-5-CONFIG_I: Configured from console by console
R1#show running-config
Building configuration...

Current configuration : 1183 bytes
!
version 12.4
service timestamps debug datetime msec
service timestamps log datetime msec
no service password-encryption
!
hostname R1
!
boot-start-marker
boot-end-marker
!
!
no aaa new-model
no network-clock-participate slot 1 
no network-clock-participate wic 0 
no ip icmp rate-limit unreachable
ip cef
!
!
!
!
no ip domain lookup
ip auth-proxy max-nodata-conns 3
ip admission max-nodata-conns 3
!         
!         
!         
!         
!         
!         
!         
!         
!         
!         
!         
!         
!         
!         
!         
!         
!         
!         
!         
ip tcp synwait-time 5
!         
!         
!         
!         
!         
interface FastEthernet0/0
 no ip address
 shutdown 
 duplex auto
 speed auto
!         
interface FastEthernet0/1
 no ip address
 shutdown 
 duplex auto
 speed auto
!         
interface Ethernet1/0
 no ip address
 shutdown 
 half-duplex
!         
interface Ethernet1/1
 no ip address
 shutdown 
 half-duplex
!         
interface Ethernet1/2
 no ip address
 shutdown 
 half-duplex
!         
interface Ethernet1/3
 no ip address
 shutdown 
 half-duplex
!         
ip forward-protocol nd
!         
!         
no ip http server
no ip http secure-server
!         
no cdp log mismatch duplex
!         
!         
!         
control-plane
!         
!         
!         
!         
!         
!         
!         
!         
!         
!         
line con 0
 exec-timeout 0 0
 privilege level 15
 logging synchronous
line aux 0
 exec-timeout 0 0
 privilege level 15
 logging synchronous
line vty 0 4
 login    
!         
!         
end       
          
R1#
R1#
R1#
R1#
R1#
R1#
R1#
R1#
R1#
R1#
R1#
R1#
R1#
R1#
R1#
R1#
R1#
R1#
R1#
R1#
R1#
R1#
R1#
R1#
R1#
R1#
R1#
R1#
R1#
R1#
R1#
R1#
R1#
R1#
R1#
R1#
R1#
R1#
R1#
R1#
R1#
R1#
R1#
R1#
R1#
R1#
R1#
R1#
R1#
R1#
R1#
R1#
R1#
R1#
R1#
R1#
R1#
R1#
R1#
R1#
R1#
R1#
R1#
R1#
R1#
R1#
R1#
R1#
R1#
R1#
R1#
R1#
R1#
R1#
R1#
R1#
R1#
R1#
R1#
R1#
R1#
R1#
R1#
R1#
R1#
R1#
R1#
R1#
R1#
R1#
R1#
R1#
R1#
R1#
R1#
R1#
R1#
R1#
R1#
R1#
R1#
R1#
R1#
R1#
R1#
R1#
R1#
R1#
R1#
R1#
R1#
R1#
R1#
R1#
R1#
R1#
R1#
R1#
R1#
R1#
R1#
R1#
R1#
R1#
R1#
R1#
R1#
R1#
R1#
R1#
R1#}t                        
R1#interface FastEthernet 0/0
    ^
% Invalid input detected at '^' marker.

R1# interface FastEthernet 0/0
     ^
% Invalid input detected at '^' marker.

R1# interface FastEthernet 0/1 
     ^
% Invalid input detected at '^' marker.

R1#config terminal            
Enter configuration commands, one per line.  End with CNTL/Z.
R1(config)# interface FastEthernet 0/0
R1(config-if)# no shutdown
R1(config-if)#
*Mar  1 00:06:24.458: %LINK-3-UPDOWN: Interface FastEthernet0/0, changed state to up
*Mar  1 00:06:25.459: %LINEPROTO-5-UPDOWN: Line protocol on Interface FastEthernet0/0, changed state to up
R1(config-if)# exit
R1(config)# interface FastEthernet 0/1
R1(config-if)# no shutdown
R1(config-if)#
*Mar  1 00:06:44.871: %LINK-3-UPDOWN: Interface FastEthernet0/1, changed state to up
*Mar  1 00:06:45.873: %LINEPROTO-5-UPDOWN: Line protocol on Interface FastEthernet0/1, changed state to up
R1(config-if)#exit
R1(config)#exit
R1#
*Mar  1 00:07:03.926: %SYS-5-CONFIG_I: Configured from console by console
R1# ping 10.0.1.2
% Unrecognized host or address, or protocol not running.

R1# ping 10.0.1.2/24
% Unrecognized host or address, or protocol not running.

R1#config terminal
Enter configuration commands, one per line.  End with CNTL/Z.
R1(config)# interface FastEthernet 0/0
R1(config-if)#show ip default-gateway
                ^
% Invalid input detected at '^' marker.

R1(config-if)#exit                   
R1(config)#show ip default-gateway
             ^
% Invalid input detected at '^' marker.

R1(config)#exit
R1#show ip default-gateway
0.0.0.0
R1#
*Mar  1 00:14:10.706: %SYS-5-CONFIG_I: Configured from console by console
R1#config terminal 
Enter configuration commands, one per line.  End with CNTL/Z.
R1(config)# interface FastEthernet 0/0
R1(config-if)#ip address 10.0.1.1 255.255.255.0
R1(config-if)#exit
R1(config)# interface FastEthernet 0/1      
R1(config-if)#ip address 10.0.2.1 255.255.255.0
R1(config-if)#exit
R1(config)#exit
R1#ping
*Mar  1 00:18:07.110: %SYS-5-CONFIG_I: Configured from console by console
R1#ping ping 10.0.1.2 

Translating "ping"
             ^
% Invalid input detected at '^' marker.

R1#ping 10.0.1.2      

Type escape sequence to abort.
Sending 5, 100-byte ICMP Echos to 10.0.1.2, timeout is 2 seconds:
.....
Success rate is 0 percent (0/5)
R1#ping 10.0.2.2   

Type escape sequence to abort.
Sending 5, 100-byte ICMP Echos to 10.0.2.2, timeout is 2 seconds:
.....
Success rate is 0 percent (0/5)
R1#

