Trying 127.0.0.1...
Connected to localhost.
Escape character is '^]'.
Connected to Dynamips VM "R1" (ID 1, type c2600) - Console port
Press ENTER to get the prompt.
EM up to: 8Mb
              Restricted Rights Legend

Use, duplication, or disclosure by the Government is
subject to restrictions as set forth in subparagraph
(c) of the Commercial Computer Software - Restricted
Rights clause at FAR sec. 52.227-19 and subparagraph
(c) (1) (ii) of the Rights in Technical Data and Computer
Software clause at DFARS sec. 252.227-7013.

           cisco Systems, Inc.
           170 West Tasman Drive
           San Jose, California 95134-1706



Cisco IOS Software, C2600 Software (C2600-ADVENTERPRISEK9-M), Version 12.4(25d), RELEASE SOFTWARE (fc1)
Technical Support: http://www.cisco.com/techsupport
Copyright (c) 1986-2010 by Cisco Systems, Inc.
Compiled Wed 18-Aug-10 04:49 by prod_rel_team


This product contains cryptographic features and is subject to United
States and local country laws governing import, export, transfer and
use. Delivery of Cisco cryptographic products does not imply
third-party authority to import, export, distribute or use encryption.
Importers, exporters, distributors and users are responsible for
compliance with U.S. and local country laws. By using this product you
agree to comply with applicable laws and regulations. If you are unable
to comply with U.S. and local laws, return this product immediately.

A summary of U.S. laws governing Cisco cryptographic products may be found at:
http://www.cisco.com/wwl/export/crypto/tool/stqrg.html

If you require further assistance please contact us by sending email to
export@cisco.com.

Cisco 2611XM (MPC860P) processor (revision 2.2) with 155648K/8192K bytes of memory.
Processor board ID FTX0945W0MY
M860 processor: part number 0, mask 0
4 Ethernet interfaces
2 FastEthernet interfaces
32K bytes of NVRAM.
16384K bytes of processor board System flash (Read/Write)

SETUP: new interface FastEthernet0/0 placed in "shutdown" state
SETUP: new interface FastEthernet0/1 placed in "shutdown" state
SETUP: new interface Ethernet1/0 placed in "shutdown" state
SETUP: new interface Ethernet1/1 placed in "shutdown" state
SETUP: new interface Ethernet1/2 placed in "shutdown" state
SETUP: new interface Ethernet1/3 placed in "shutdown" state


Press RETURN to get started!


*Mar  1 00:00:02.159: %LINEPROTO-5-UPDOWN: Line protocol on Interface VoIP-Null0, changed state to up
*Mar  1 00:00:02.371: %SYS-5-CONFIG_I: Configured from memory by console
*Mar  1 00:00:02.532: %LINK-5-CHANGED: Interface FastEthernet0/0, changed state to administratively down
*Mar  1 00:00:02.536: %LINK-5-CHANGED: Interface FastEthernet0/1, changed state to administratively down
*Mar  1 00:00:02.540: %LINK-5-CHANGED: Interface Ethernet1/0, changed state to administratively down
*Mar  1 00:00:02.540: %LINK-5-CHANGED: Interface Ethernet1/1, changed state to administratively down
*Mar  1 00:00:02.540: %LINK-5-CHANGED: Interface Ethernet1/2, changed state to administratively down
*Mar  1 00:00:02.540: %LINK-5-CHANGED: Interface Ethernet1/3, changed state to administratively down
*Mar  1 00:00:02.608: %SYS-5-RESTART: System restarted --
Cisco IOS Software, C2600 Software (C2600-ADVENTERPRISEK9-M), Version 12.4(25d), RELEASE SOFTWARE (fc1)
Technical Support: http://www.cisco.com/techsupport
Copyright (c) 1986-2010 by Cisco Systems, Inc.
Compiled Wed 18-Aug-10 04:49 by prod_rel_team
*Mar  1 00:00:02.608: %SNMP-5-COLDSTART: SNMP agent on host R1 is undergoing a cold start
*Mar  1 00:00:03.533: %LINEPROTO-5-UPDOWN: Line protocol on Interface FastEthernet0/0, changed state to down
*Mar  1 00:00:03.537: %LINEPROTO-5-UPDOWN: Line protocol on Interface FastEthernet0/1, changed state to down
*Mar  1 00:00:03.541: %LINEPROTO-5-UPDOWN: Line protocol on Interface Ethernet1/0, changed state to down
*Mar  1 00:00:03.545: %LINEPROTO-5-UPDOWN: Line protocol on Interface Ethernet1/1, changed state to down
*Mar  1 00:00:03.549: %LINEPROTO-5-UPDOWN: Line protocol on Interface Ethernet1/2, changed state to down
*Mar  1 00:00:03.553: %LINEPROTO-5-UPDOWN: Line protocol on Interface Ethernet1/3, changed state to down
R1#ping 10.0.1.2/24
% Unrecognized host or address, or protocol not running.

R1#ping 10.0.2.2/24
% Unrecognized host or address, or protocol not running.

R1#show running-
R1#show running-config 
Building configuration...

Current configuration : 1183 bytes
!
version 12.4
service timestamps debug datetime msec
service timestamps log datetime msec
no service password-encryption
!
hostname R1
!
boot-start-marker
boot-end-marker
!
!
no aaa new-model
no network-clock-participate slot 1 
no network-clock-participate wic 0 
no ip icmp rate-limit unreachable
ip cef
!
!
!
!
no ip domain lookup
ip auth-proxy max-nodata-conns 3
ip admission max-nodata-conns 3
!         
!         
!         
!         
!         
!         
!         
!         
!         
!         
!         
!         
!         
!         
!         
!         
!         
!         
!         
ip tcp synwait-time 5
!         
!         
!         
!         
!         
interface FastEthernet0/0
 no ip address
 shutdown 
 duplex auto
 speed auto
!         
interface FastEthernet0/1
 no ip address
 shutdown 
 duplex auto
 speed auto
!         
interface Ethernet1/0
 no ip address
 shutdown 
 half-duplex
!         
interface Ethernet1/1
 no ip address
 shutdown 
 half-duplex
!         
interface Ethernet1/2
 no ip address
 shutdown 
 half-duplex
!         
interface Ethernet1/3
 no ip address
 shutdown 
 half-duplex
!         
ip forward-protocol nd
!         
!         
no ip http server
no ip http secure-server
!         
no cdp log mismatch duplex
!         
!         
!         
control-plane
!         
!         
!         
!         
!         
!         
!         
!         
!         
!         
line con 0
 exec-timeout 0 0
 privilege level 15
 logging synchronous
line aux 0
 exec-timeout 0 0
 privilege level 15
 logging synchronous
line vty 0 4
 login    
!         
!         
end       
          
R1#
R1#
R1#
R1#
R1#
R1#
R1#
R1#
R1#
R1#
R1#
R1#
R1#
R1#
R1#
R1#
R1#
R1#
R1#
R1#
R1#
R1#
R1#
R1#
R1#
R1#
R1#
R1#
R1#
R1#
R1#
R1#
R1#
R1#
R1#
R1#
R1#
R1#
R1#
R1#
R1#
R1#
R1#
R1#
R1#
R1#
R1#
R1#
R1#
R1#
R1#config terminal
Enter configuration commands, one per line.  End with CNTL/Z.
R1(config)#interface Fast 
R1(config)#interface FastEthernet0/0
R1(config-if)#no shutdown
R1(config-if)#ip address 
*Mar  1 00:27:24.976: %LINK-3-UPDOWN: Interface FastEthernet0/0, changed state to up
*Mar  1 00:27:25.978: %LINEPROTO-5-UPDOWN: Line protocol on Interface FastEthernet0/0, changed state to up
R1(config-if)#ip address 10.0.1.1 255.255.255.0
R1(config-if)#exit
R1(config)#interface FastEthernet0/1        
R1(config-if)#ip address 10.0.2.1 255.255.255.0
R1(config-if)#no shutdown
R1(config-if)#
*Mar  1 00:28:31.201: %LINK-3-UPDOWN: Interface FastEthernet0/1, changed state to up
*Mar  1 00:28:32.202: %LINEPROTO-5-UPDOWN: Line protocol on Interface FastEthernet0/1, changed state to up
R1(config-if)#exit
R1(config)#interface Ethernet0/0            
                     ^
% Invalid input detected at '^' marker.

R1(config)#interface Ethernet1/0
R1(config-if)#ip address 10.0.3.1 255.255.255.0
R1(config-if)#no shutdown
R1(config-if)#
*Mar  1 00:29:48.199: %LINK-3-UPDOWN: Interface Ethernet1/0, changed state to up
R1(config-if)#
*Mar  1 00:29:49.200: %LINEPROTO-5-UPDOWN: Line protocol on Interface Ethernet1/0, changed state to up
R1(config-if)#copy running-config startup-config
               ^
% Invalid input detected at '^' marker.

R1(config-if)#exit
R1(config)#exit
R1#ping 10.0.2.2/24    
*Mar  1 00:30:20.235: %SYS-5-CONFIG_I: Configured from console by console
R1#copy running-config startup-config
Destination filename [startup-config]? r1Conf
%Error copying nvram:r1Conf (Invalid argument)
R1#show running-
R1#show running-config 
Building configuration...

Current configuration : 1213 bytes
!
version 12.4
service timestamps debug datetime msec
service timestamps log datetime msec
no service password-encryption
!
hostname R1
!
boot-start-marker
boot-end-marker
!
!
no aaa new-model
no network-clock-participate slot 1 
no network-clock-participate wic 0 
no ip icmp rate-limit unreachable
ip cef
!
!
!
!
no ip domain lookup
ip auth-proxy max-nodata-conns 3
ip admission max-nodata-conns 3
!         
!         
!         
!         
!         
!         
!         
!         
!         
!         
!         
!         
!         
!         
!         
!         
!         
!         
!         
ip tcp synwait-time 5
!         
!         
!         
!         
!         
interface FastEthernet0/0
 ip address 10.0.1.1 255.255.255.0
 duplex auto
 speed auto
!         
interface FastEthernet0/1
 ip address 10.0.2.1 255.255.255.0
 duplex auto
 speed auto
!         
interface Ethernet1/0
 ip address 10.0.3.1 255.255.255.0
 half-duplex
!         
interface Ethernet1/1
 no ip address
 shutdown 
 half-duplex
!         
interface Ethernet1/2
 no ip address
 shutdown 
 half-duplex
!         
interface Ethernet1/3
 no ip address
 shutdown 
 half-duplex
!         
ip forward-protocol nd
!         
!         
no ip http server
no ip http secure-server
!         
no cdp log mismatch duplex
!         
!         
!         
control-plane
!         
!         
!         
!         
!         
!         
!         
!         
!         
!         
line con 0
 exec-timeout 0 0
 privilege level 15
 logging synchronous
line aux 0
 exec-timeout 0 0
 privilege level 15
 logging synchronous
line vty 0 4
 login    
!         
!         
end       
          
R1#
R1#
R1#
R1#

